[Licensing::Module] Trying to connect to existing licensing client channel...
Built from '6000.2/respin/6000.2.8f1-e4064264ae96' branch; Version is '6000.2.8f1 (c9992ac36c34) revision 13211946'; Using compiler version '194234433'; Build Type 'Release'
[Licensing::IpcConnector] Successfully connected to: "LicenseClient-Prince" at "2025-11-18T00:57:43.1166336Z"
OS: 'Windows 11  (10.0.26100) 64bit Core' Language: 'en' Physical Memory: 32488 MB
BatchMode: 1, IsHumanControllingUs: 0, StartBugReporterOnCrash: 0, Is64bit: 1
Date: 2025-11-18T00:57:43Z

COMMAND LINE ARGUMENTS:
C:\Program Files\Unity\Hub\Editor\6000.2.8f1\Editor\Unity.exe
-adb2
-batchMode
-noUpm
-name
AssetImportWorker2
-projectPath
C:/FPSCreatorKitStuff/fpskit
-logFile
Logs/AssetImportWorker2.log
-srvPort
62832
-licensingIpc
LicenseClient-Prince
-job-worker-count
13
-background-job-worker-count
8
-gc-helper-count
1
-name
AssetImport
Successfully changed project path to: C:/FPSCreatorKitStuff/fpskit
C:/FPSCreatorKitStuff/fpskit
[UnityMemory] Configuration Parameters - Can be set up in boot.config
    "memorysetup-allocator-temp-initial-block-size-main=262144"
    "memorysetup-allocator-temp-initial-block-size-worker=262144"
    "memorysetup-bucket-allocator-granularity=16"
    "memorysetup-bucket-allocator-bucket-count=8"
    "memorysetup-bucket-allocator-block-size=33554432"
    "memorysetup-bucket-allocator-block-count=8"
    "memorysetup-main-allocator-block-size=16777216"
    "memorysetup-thread-allocator-block-size=16777216"
    "memorysetup-gfx-main-allocator-block-size=16777216"
    "memorysetup-gfx-thread-allocator-block-size=16777216"
    "memorysetup-cache-allocator-block-size=4194304"
    "memorysetup-typetree-allocator-block-size=2097152"
    "memorysetup-profiler-bucket-allocator-granularity=16"
    "memorysetup-profiler-bucket-allocator-bucket-count=8"
    "memorysetup-profiler-bucket-allocator-block-size=33554432"
    "memorysetup-profiler-bucket-allocator-block-count=8"
    "memorysetup-profiler-allocator-block-size=16777216"
    "memorysetup-profiler-editor-allocator-block-size=1048576"
    "memorysetup-temp-allocator-size-main=16777216"
    "memorysetup-job-temp-allocator-block-size=2097152"
    "memorysetup-job-temp-allocator-block-size-background=1048576"
    "memorysetup-job-temp-allocator-reduction-small-platforms=262144"
    "memorysetup-temp-allocator-size-background-worker=32768"
    "memorysetup-temp-allocator-size-job-worker=262144"
    "memorysetup-temp-allocator-size-preload-manager=33554432"
    "memorysetup-temp-allocator-size-nav-mesh-worker=65536"
    "memorysetup-temp-allocator-size-audio-worker=65536"
    "memorysetup-temp-allocator-size-cloud-worker=32768"
    "memorysetup-temp-allocator-size-gi-baking-worker=262144"
    "memorysetup-temp-allocator-size-gi-baking-worker=262144"
    "memorysetup-temp-allocator-size-gi-baking-worker=262144"
    "memorysetup-temp-allocator-size-gi-baking-worker=262144"
    "memorysetup-temp-allocator-size-gi-baking-worker=262144"
    "memorysetup-temp-allocator-size-gfx=262144"
Player connection [8424]  Target information:

Player connection [8424]  * "[IP] 192.168.193.41 [Port] 0 [Flags] 2 [Guid] 3890258097 [EditorId] 3890258097 [Version] 1048832 [Id] WindowsEditor(7,prince) [Debug] 1 [PackageName] WindowsEditor [ProjectName] Editor" 

Player connection [8424]  * "[IP] 172.20.20.20 [Port] 0 [Flags] 2 [Guid] 3890258097 [EditorId] 3890258097 [Version] 1048832 [Id] WindowsEditor(7,prince) [Debug] 1 [PackageName] WindowsEditor [ProjectName] Editor" 

Player connection [8424] Host joined multi-casting on [225.0.0.222:54997]...
Player connection [8424] Host joined alternative multi-casting on [225.0.0.222:34997]...
JobSystem: Creating JobQueue using job-worker-count value 13
Input System module state changed to: Initialized.
[Physics::Module] Initialized fallback backend.
[Physics::Module] Id: 0xdecafbad
[Licensing::Client] Code 10 while verifying Licensing Client signature (process Id: 9740, path: "C:/Program Files/Unity Hub/UnityLicensingClient_V1/Unity.Licensing.Client.exe")
[Licensing::Module] LicensingClient has failed validation; ignoring
[Licensing::Client] Handshaking with LicensingClient:
  Version:                 1.17.3+a4e98f1
  Session Id:              936771ac0ae24e8b928cb808bd265314
  Correlation Id:          94815bf63beeaa31a9fbc85ba5ff8a40
  External correlation Id: 3966303176352015500
  Machine Id:              58ZaonG58vjenEJ48pINS6uX7nI=
[Licensing::Module] Successfully connected to LicensingClient on channel: "LicenseClient-Prince" (connect: 0.00s, validation: 0.00s, handshake: 0.06s)
[Licensing::IpcConnector] Successfully connected to: "LicenseClient-Prince-notifications" at "2025-11-18T00:57:43.1796406Z"
[Licensing::Module] Licensing Background thread has ended after 0.06s
Library Redirect Path: Library/
[Physics::Module] Selected backend.
[Physics::Module] Name: PhysX
[Physics::Module] Id: 0xf2b8ea05
[Physics::Module] SDK Version: 4.1.2
[Physics::Module] Integration Version: 1.0.0
[Physics::Module] Threading Mode: Multi-Threaded
Refreshing native plugins compatible for Editor in 8.39 ms, found 3 plugins.
Preloading 0 native plugins for Editor in 0.00 ms.
Initialize engine version: 6000.2.8f1 (c9992ac36c34)
[Subsystems] Discovering subsystems at path C:/Program Files/Unity/Hub/Editor/6000.2.8f1/Editor/Data/Resources/UnitySubsystems
[Subsystems] Discovering subsystems at path C:/FPSCreatorKitStuff/fpskit/Assets
GfxDevice: creating device client; kGfxThreadingModeNonThreaded
Direct3D:
    Version:  Direct3D 11.0 [level 11.1]
    Renderer: NVIDIA GeForce RTX 5070 Ti Laptop GPU (ID=0x2f18)
    Vendor:   NVIDIA
    VRAM:     11856 MB
    Driver:   32.0.15.8115
Initialize mono
Mono path[0] = 'C:/Program Files/Unity/Hub/Editor/6000.2.8f1/Editor/Data/Managed'
Mono path[1] = 'C:/Program Files/Unity/Hub/Editor/6000.2.8f1/Editor/Data/MonoBleedingEdge/lib/mono/unityjit-win32'
Mono config path = 'C:/Program Files/Unity/Hub/Editor/6000.2.8f1/Editor/Data/MonoBleedingEdge/etc'
Using monoOptions --debugger-agent=transport=dt_socket,embedding=1,server=y,suspend=n,address=127.0.0.1:56588
Begin MonoManager ReloadAssembly
Registering precompiled unity dll's ...
Register platform support module: C:/Program Files/Unity/Hub/Editor/6000.2.8f1/Editor/Data/PlaybackEngines/WindowsStandaloneSupport/UnityEditor.WindowsStandalone.Extensions.dll
Registered in 0.008623 seconds.
- Loaded All Assemblies, in  1.063 seconds
Native extension for WindowsStandalone target not found
Mono: successfully reloaded assembly
- Finished resetting the current domain, in  0.764 seconds
Domain Reload Profiling: 1818ms
	BeginReloadAssembly (406ms)
		ExecutionOrderSort (0ms)
		DisableScriptedObjects (0ms)
		BackupInstance (0ms)
		ReleaseScriptingObjects (0ms)
		CreateAndSetChildDomain (3ms)
	RebuildCommonClasses (94ms)
	RebuildNativeTypeToScriptingClass (21ms)
	initialDomainReloadingComplete (130ms)
	LoadAllAssembliesAndSetupDomain (403ms)
		LoadAssemblies (396ms)
		RebuildTransferFunctionScriptingTraits (0ms)
		AnalyzeDomain (394ms)
			TypeCache.Refresh (390ms)
				TypeCache.ScanAssembly (361ms)
			BuildScriptInfoCaches (0ms)
			ResolveRequiredComponents (1ms)
	FinalizeReload (765ms)
		ReleaseScriptCaches (0ms)
		RebuildScriptCaches (0ms)
		SetupLoadedEditorAssemblies (653ms)
			LogAssemblyErrors (0ms)
			InitializePlatformSupportModulesInManaged (112ms)
			SetLoadedEditorAssemblies (10ms)
			BeforeProcessingInitializeOnLoad (121ms)
			ProcessInitializeOnLoadAttributes (270ms)
			ProcessInitializeOnLoadMethodAttributes (140ms)
			AfterProcessingInitializeOnLoad (0ms)
			EditorAssembliesLoaded (0ms)
		ExecutionOrderSort2 (0ms)
		AwakeInstancesAfterBackupRestoration (0ms)
========================================================================
Worker process is ready to serve import requests
Import Worker Mode flag is 0x00
Begin MonoManager ReloadAssembly
[Licensing::Client] Successfully resolved entitlement details
[Licensing::Module] License group:
  Id: 2475805667355-princewillfrancis456-UnityProStuXXXX
  Product: Unity Student
  Type: Assigned
  Expiration: 2026-03-07T23:14:33Z
Symbol file LoadedFromMemory is not a mono symbol file
- Loaded All Assemblies, in  7.945 seconds
Refreshing native plugins compatible for Editor in 31.73 ms, found 3 plugins.
Native extension for WindowsStandalone target not found
Refreshing native plugins compatible for Editor in 23.62 ms, found 3 plugins.
Package Manager log level set to [2]
[Package Manager] Failed to launch server process. Reason: Unity was launched with the -noUpm command-line argument
[Package Manager] Unable to send message (not connected to server process).
[Package Manager] Cannot connect to Unity Package Manager local server
Mono: successfully reloaded assembly
- Finished resetting the current domain, in  3.240 seconds
Domain Reload Profiling: 11098ms
	BeginReloadAssembly (969ms)
		ExecutionOrderSort (0ms)
		DisableScriptedObjects (31ms)
		BackupInstance (0ms)
		ReleaseScriptingObjects (0ms)
		CreateAndSetChildDomain (279ms)
	RebuildCommonClasses (258ms)
	RebuildNativeTypeToScriptingClass (75ms)
	initialDomainReloadingComplete (422ms)
	LoadAllAssembliesAndSetupDomain (6133ms)
		LoadAssemblies (4900ms)
		RebuildTransferFunctionScriptingTraits (0ms)
		AnalyzeDomain (1697ms)
			TypeCache.Refresh (1244ms)
				TypeCache.ScanAssembly (1180ms)
			BuildScriptInfoCaches (391ms)
			ResolveRequiredComponents (43ms)
	FinalizeReload (3241ms)
		ReleaseScriptCaches (0ms)
		RebuildScriptCaches (0ms)
		SetupLoadedEditorAssemblies (2730ms)
			LogAssemblyErrors (0ms)
			InitializePlatformSupportModulesInManaged (7ms)
			SetLoadedEditorAssemblies (19ms)
			BeforeProcessingInitializeOnLoad (715ms)
			ProcessInitializeOnLoadAttributes (1292ms)
			ProcessInitializeOnLoadMethodAttributes (653ms)
			AfterProcessingInitializeOnLoad (43ms)
			EditorAssembliesLoaded (1ms)
		ExecutionOrderSort2 (0ms)
		AwakeInstancesAfterBackupRestoration (45ms)
WARNING: Shader Unsupported: 'Hidden/Universal Render Pipeline/Terrain/Lit (Base Pass)' - All subshaders removed
WARNING: Shader Did you use #pragma only_renderers and omit this platform?
WARNING: Shader If subshaders removal was intentional, you may have forgotten turning Fallback off?
WARNING: Shader Unsupported: 'Hidden/Universal Render Pipeline/Terrain/Lit (Base Pass)' - All subshaders removed
WARNING: Shader Did you use #pragma only_renderers and omit this platform?
WARNING: Shader If subshaders removal was intentional, you may have forgotten turning Fallback off?
WARNING: Shader Unsupported: 'Universal Render Pipeline/Terrain/Lit' - All subshaders removed
WARNING: Shader Did you use #pragma only_renderers and omit this platform?
WARNING: Shader If subshaders removal was intentional, you may have forgotten turning Fallback off?
WARNING: Shader Unsupported: 'Universal Render Pipeline/Terrain/Lit' - All subshaders removed
WARNING: Shader Did you use #pragma only_renderers and omit this platform?
WARNING: Shader If subshaders removal was intentional, you may have forgotten turning Fallback off?
Launched and connected shader compiler UnityShaderCompiler.exe after 0.05 seconds
Refreshing native plugins compatible for Editor in 55.61 ms, found 3 plugins.
Preloading 0 native plugins for Editor in 0.00 ms.
Unloading 46 Unused Serialized files (Serialized files now loaded: 0)
Unloading 7421 unused Assets / (6.9 MB). Loaded Objects now: 7982.
Memory consumption went from 221.2 MB to 214.3 MB.
Total: 61.670200 ms (FindLiveObjects: 2.226100 ms CreateObjectMapping: 4.343700 ms MarkObjects: 44.544600 ms  DeleteObjects: 10.549100 ms)

========================================================================
Received Import Request.
  Time since last request: 17949.723043 seconds.
  path: Assets/Creator Kit - FPS/Art/Textures/Ramps/DisplacementRamp.asset
  artifactKey: Guid(d5540cbcd59304a1e9be960dcdf78d68) Importer(815301076,1909f56bfc062723c751e8b465ee728b)
Start importing Assets/Creator Kit - FPS/Art/Textures/Ramps/DisplacementRamp.asset using Guid(d5540cbcd59304a1e9be960dcdf78d68) Importer(815301076,1909f56bfc062723c751e8b465ee728b) (PreviewImporter) -> (artifact id: '4ad20fa1f76d298ae8d3edc28979be9d') in 0.2415384 seconds
Number of updated asset objects reloaded before import = 0Number of asset objects unloaded after import = 3

========================================================================
Received Import Request.
  Time since last request: 0.000097 seconds.
  path: Assets/Creator Kit - FPS/Art/Models/Environment/CorridorMedium.FBX
  artifactKey: Guid(73f0333af89ffdb4d945f9e0b9eb7499) Importer(815301076,1909f56bfc062723c751e8b465ee728b)
Start importing Assets/Creator Kit - FPS/Art/Models/Environment/CorridorMedium.FBX using Guid(73f0333af89ffdb4d945f9e0b9eb7499) Importer(815301076,1909f56bfc062723c751e8b465ee728b) (PreviewImporter) -> (artifact id: '3d9ef4fb2d7a38ed4cc185c18d45bb88') in 0.5495362 seconds
Number of updated asset objects reloaded before import = 0Number of asset objects unloaded after import = 56

========================================================================
Received Import Request.
  Time since last request: 0.000083 seconds.
  path: Assets/Creator Kit - FPS/Art/Models/Characters/BloodCell.FBX
  artifactKey: Guid(8226672356b74174cbe023b9736222f5) Importer(815301076,1909f56bfc062723c751e8b465ee728b)
Start importing Assets/Creator Kit - FPS/Art/Models/Characters/BloodCell.FBX using Guid(8226672356b74174cbe023b9736222f5) Importer(815301076,1909f56bfc062723c751e8b465ee728b) (PreviewImporter) -> (artifact id: 'f90520b96ae19b06a96645bf51c6ffb7') in 0.1187176 seconds
Number of updated asset objects reloaded before import = 0Number of asset objects unloaded after import = 44

========================================================================
Received Import Request.
  Time since last request: 0.000033 seconds.
  path: Assets/Creator Kit - FPS/Art/Textures/Environment/Acid_Smoothness.tif
  artifactKey: Guid(a04d65dde083b6a4b9d5e18993883e25) Importer(815301076,1909f56bfc062723c751e8b465ee728b)
Start importing Assets/Creator Kit - FPS/Art/Textures/Environment/Acid_Smoothness.tif using Guid(a04d65dde083b6a4b9d5e18993883e25) Importer(815301076,1909f56bfc062723c751e8b465ee728b) (PreviewImporter) -> (artifact id: '6a7f26f09be73e30bd0e210fb164ae16') in 0.0507771 seconds
Number of updated asset objects reloaded before import = 0Number of asset objects unloaded after import = 2

========================================================================
Received Import Request.
  Time since last request: 0.000036 seconds.
  path: Assets/Creator Kit - FPS/Art/Prefabs/VFX/DustMotesEffect.prefab
  artifactKey: Guid(6df328a8d22763540b6acb2ca49da47e) Importer(815301076,1909f56bfc062723c751e8b465ee728b)
Start importing Assets/Creator Kit - FPS/Art/Prefabs/VFX/DustMotesEffect.prefab using Guid(6df328a8d22763540b6acb2ca49da47e) Importer(815301076,1909f56bfc062723c751e8b465ee728b) (PreviewImporter) -> (artifact id: '562efed15b7e4fbee2dab5342af6959d') in 0.0430008 seconds
Number of updated asset objects reloaded before import = 0Number of asset objects unloaded after import = 6

========================================================================
Received Import Request.
  Time since last request: 0.000051 seconds.
  path: Assets/Creator Kit - FPS/Prefabs/Rooms/CorridorV.prefab
  artifactKey: Guid(21a463888965eb14ea0abb606bdbca2b) Importer(815301076,1909f56bfc062723c751e8b465ee728b)
Start importing Assets/Creator Kit - FPS/Prefabs/Rooms/CorridorV.prefab using Guid(21a463888965eb14ea0abb606bdbca2b) Importer(815301076,1909f56bfc062723c751e8b465ee728b) (PreviewImporter) -> (artifact id: '219574beb02197881bd40e5380a731f2') in 0.1964216 seconds
Number of updated asset objects reloaded before import = 0Number of asset objects unloaded after import = 72

========================================================================
Received Import Request.
  Time since last request: 0.000053 seconds.
  path: Assets/Creator Kit - FPS/Prefabs/Rooms/CorridorMedium.prefab
  artifactKey: Guid(905396a8b049c0548828753382b185ff) Importer(815301076,1909f56bfc062723c751e8b465ee728b)
Start importing Assets/Creator Kit - FPS/Prefabs/Rooms/CorridorMedium.prefab using Guid(905396a8b049c0548828753382b185ff) Importer(815301076,1909f56bfc062723c751e8b465ee728b) (PreviewImporter) -> (artifact id: '784dc167482c2d7895c826671e83b153') in 0.1208121 seconds
Number of updated asset objects reloaded before import = 0Number of asset objects unloaded after import = 83

========================================================================
Received Import Request.
  Time since last request: 0.000056 seconds.
  path: Assets/Creator Kit - FPS/Art/Textures/Arms/Arms_Occlusion.tif
  artifactKey: Guid(4ecbfd3aaef076445ad5269991a54f8c) Importer(815301076,1909f56bfc062723c751e8b465ee728b)
Start importing Assets/Creator Kit - FPS/Art/Textures/Arms/Arms_Occlusion.tif using Guid(4ecbfd3aaef076445ad5269991a54f8c) Importer(815301076,1909f56bfc062723c751e8b465ee728b) (PreviewImporter) -> (artifact id: '91f35afc8099cfc27bdd6b939681f42f') in 0.0422209 seconds
Number of updated asset objects reloaded before import = 0Number of asset objects unloaded after import = 2

========================================================================
Received Import Request.
  Time since last request: 0.000078 seconds.
  path: Assets/Creator Kit - FPS/Art/Materials/VFX/EnergyShockwave.mat
  artifactKey: Guid(65586f2fde3974c4e9469dfe6cf89338) Importer(815301076,1909f56bfc062723c751e8b465ee728b)
Start importing Assets/Creator Kit - FPS/Art/Materials/VFX/EnergyShockwave.mat using Guid(65586f2fde3974c4e9469dfe6cf89338) Importer(815301076,1909f56bfc062723c751e8b465ee728b) (PreviewImporter) -> (artifact id: '5378685fe7399822c70ab8b7e2ce5147') in 0.1765439 seconds
Number of updated asset objects reloaded before import = 0Number of asset objects unloaded after import = 3

========================================================================
Received Import Request.
  Time since last request: 0.000076 seconds.
  path: Assets/Creator Kit - FPS/Art/Textures/Door and Key/FatBlob_MetallicSmooth.tif
  artifactKey: Guid(23e5cb26953f7dd44a3e6a8f9ff867e9) Importer(815301076,1909f56bfc062723c751e8b465ee728b)
Start importing Assets/Creator Kit - FPS/Art/Textures/Door and Key/FatBlob_MetallicSmooth.tif using Guid(23e5cb26953f7dd44a3e6a8f9ff867e9) Importer(815301076,1909f56bfc062723c751e8b465ee728b) (PreviewImporter) -> (artifact id: '1c0663cf5a03b8686510df03e257e618') in 0.0643452 seconds
Number of updated asset objects reloaded before import = 0Number of asset objects unloaded after import = 2

========================================================================
Received Import Request.
  Time since last request: 0.000044 seconds.
  path: Assets/Creator Kit - FPS/Art/Models/Environment/CorridorCorner.fbx
  artifactKey: Guid(d67054281fbded9478e9975189835924) Importer(815301076,1909f56bfc062723c751e8b465ee728b)
Start importing Assets/Creator Kit - FPS/Art/Models/Environment/CorridorCorner.fbx using Guid(d67054281fbded9478e9975189835924) Importer(815301076,1909f56bfc062723c751e8b465ee728b) (PreviewImporter) -> (artifact id: '879203cf06d79a46f082feb778f6d9e5') in 0.1806286 seconds
Number of updated asset objects reloaded before import = 0Number of asset objects unloaded after import = 36

========================================================================
Received Import Request.
  Time since last request: 0.000030 seconds.
  path: Assets/Creator Kit - FPS/Art/Models/Weapons/Healmatic500.fbx
  artifactKey: Guid(0cf6f9b9d11e99b418e19719c03665f2) Importer(815301076,1909f56bfc062723c751e8b465ee728b)
Start importing Assets/Creator Kit - FPS/Art/Models/Weapons/Healmatic500.fbx using Guid(0cf6f9b9d11e99b418e19719c03665f2) Importer(815301076,1909f56bfc062723c751e8b465ee728b) (PreviewImporter) -> (artifact id: 'f0a69a188cd5ca0f0fbe2bd9956fb089') in 0.4506765 seconds
Number of updated asset objects reloaded before import = 0Number of asset objects unloaded after import = 58

========================================================================
Received Import Request.
  Time since last request: 0.000060 seconds.
  path: Assets/Creator Kit - FPS/Art/Animations/Enemies/Bloodcell/Bloodcell@Idle.fbx
  artifactKey: Guid(9304243fe1189b54ea64d4d1d19736c3) Importer(815301076,1909f56bfc062723c751e8b465ee728b)
Start importing Assets/Creator Kit - FPS/Art/Animations/Enemies/Bloodcell/Bloodcell@Idle.fbx using Guid(9304243fe1189b54ea64d4d1d19736c3) Importer(815301076,1909f56bfc062723c751e8b465ee728b) (PreviewImporter) -> (artifact id: '50eea90585c5fafc36ffdb5aa9950db7') in 0.0776915 seconds
Number of updated asset objects reloaded before import = 0Number of asset objects unloaded after import = 43

========================================================================
Received Import Request.
  Time since last request: 0.000050 seconds.
  path: Assets/Creator Kit - FPS/Art/Models/Environment/CorridorCube.fbx
  artifactKey: Guid(4bae4174bb055714c820caf02f14354c) Importer(815301076,1909f56bfc062723c751e8b465ee728b)
Start importing Assets/Creator Kit - FPS/Art/Models/Environment/CorridorCube.fbx using Guid(4bae4174bb055714c820caf02f14354c) Importer(815301076,1909f56bfc062723c751e8b465ee728b) (PreviewImporter) -> (artifact id: '26f3ac6a9d6d974b635f3e8faa2b6de6') in 0.4271655 seconds
Number of updated asset objects reloaded before import = 0Number of asset objects unloaded after import = 56

========================================================================
Received Import Request.
  Time since last request: 0.000047 seconds.
  path: Assets/Creator Kit - FPS/Art/Textures/Ramps/Acidy1.asset
  artifactKey: Guid(f432d2bff4fbbf64ea0a20a6751ed3df) Importer(815301076,1909f56bfc062723c751e8b465ee728b)
Start importing Assets/Creator Kit - FPS/Art/Textures/Ramps/Acidy1.asset using Guid(f432d2bff4fbbf64ea0a20a6751ed3df) Importer(815301076,1909f56bfc062723c751e8b465ee728b) (PreviewImporter) -> (artifact id: '254de36ee335b66bdba31aa4e077cd4f') in 0.0720331 seconds
Number of updated asset objects reloaded before import = 0Number of asset objects unloaded after import = 3

========================================================================
Received Import Request.
  Time since last request: 0.000722 seconds.
  path: Assets/Creator Kit - FPS/Art/Textures/Ramps/BlueFleisch.asset
  artifactKey: Guid(5e5ba7b4854c246b79089dbaaa667c8a) Importer(815301076,1909f56bfc062723c751e8b465ee728b)
Start importing Assets/Creator Kit - FPS/Art/Textures/Ramps/BlueFleisch.asset using Guid(5e5ba7b4854c246b79089dbaaa667c8a) Importer(815301076,1909f56bfc062723c751e8b465ee728b) (PreviewImporter) -> (artifact id: 'c25cd50e516b35d72e9baebd38a3e5c1') in 0.0488498 seconds
Number of updated asset objects reloaded before import = 0Number of asset objects unloaded after import = 3

========================================================================
Received Import Request.
  Time since last request: 0.000038 seconds.
  path: Assets/Creator Kit - FPS/Art/Textures/Door and Key/FatBlob_Occlusion.tif
  artifactKey: Guid(a70a23dae7d39b142a49005d6d727267) Importer(815301076,1909f56bfc062723c751e8b465ee728b)
Start importing Assets/Creator Kit - FPS/Art/Textures/Door and Key/FatBlob_Occlusion.tif using Guid(a70a23dae7d39b142a49005d6d727267) Importer(815301076,1909f56bfc062723c751e8b465ee728b) (PreviewImporter) -> (artifact id: 'e4f45c2fd92405deba7886665fe07718') in 0.0522021 seconds
Number of updated asset objects reloaded before import = 0Number of asset objects unloaded after import = 2

========================================================================
Received Import Request.
  Time since last request: 0.000045 seconds.
  path: Assets/Creator Kit - FPS/Art/Textures/VFX/Clouds_Noise.tif
  artifactKey: Guid(039619e8304ca2642abd7f060be738f4) Importer(815301076,1909f56bfc062723c751e8b465ee728b)
Start importing Assets/Creator Kit - FPS/Art/Textures/VFX/Clouds_Noise.tif using Guid(039619e8304ca2642abd7f060be738f4) Importer(815301076,1909f56bfc062723c751e8b465ee728b) (PreviewImporter) -> (artifact id: 'ee273628057b159eff29a12e002812b8') in 0.0485442 seconds
Number of updated asset objects reloaded before import = 0Number of asset objects unloaded after import = 2

========================================================================
Received Import Request.
  Time since last request: 0.000041 seconds.
  path: Assets/Creator Kit - FPS/Art/Materials/Environment/Acid_Bubble.mat
  artifactKey: Guid(a64a789defa396745a04fb28a8ff0fbc) Importer(815301076,1909f56bfc062723c751e8b465ee728b)
Start importing Assets/Creator Kit - FPS/Art/Materials/Environment/Acid_Bubble.mat using Guid(a64a789defa396745a04fb28a8ff0fbc) Importer(815301076,1909f56bfc062723c751e8b465ee728b) (PreviewImporter) -> (artifact id: '7cc25714ac306c67698a933257f4b900') in 0.6230771 seconds
Number of updated asset objects reloaded before import = 0Number of asset objects unloaded after import = 2

========================================================================
Received Import Request.
  Time since last request: 0.000049 seconds.
  path: Assets/Creator Kit - FPS/Prefabs/Targets/BloodCellTarget.prefab
  artifactKey: Guid(126f10c54fce41d4aa610945f0da1c61) Importer(815301076,1909f56bfc062723c751e8b465ee728b)
Start importing Assets/Creator Kit - FPS/Prefabs/Targets/BloodCellTarget.prefab using Guid(126f10c54fce41d4aa610945f0da1c61) Importer(815301076,1909f56bfc062723c751e8b465ee728b) (PreviewImporter)Refreshing native plugins compatible for Editor in 37.04 ms, found 3 plugins.
Preloading 0 native plugins for Editor in 0.00 ms.
 -> (artifact id: 'ae29c44cb2077e1256a0d9eeb342bcc2') in 0.4394226 seconds
Number of updated asset objects reloaded before import = 0Number of asset objects unloaded after import = 115

========================================================================
Received Import Request.
  Time since last request: 0.000043 seconds.
  path: Assets/Creator Kit - FPS/Art/Textures/Environment/Acid_Gradient.tif
  artifactKey: Guid(0b2c6eb5791b63f4db273f848fadc919) Importer(815301076,1909f56bfc062723c751e8b465ee728b)
Start importing Assets/Creator Kit - FPS/Art/Textures/Environment/Acid_Gradient.tif using Guid(0b2c6eb5791b63f4db273f848fadc919) Importer(815301076,1909f56bfc062723c751e8b465ee728b) (PreviewImporter) -> (artifact id: '9ddcbf55fe7d66f940197d69338d58c7') in 0.0437985 seconds
Number of updated asset objects reloaded before import = 0Number of asset objects unloaded after import = 2

========================================================================
Received Import Request.
  Time since last request: 0.000064 seconds.
  path: Assets/Creator Kit - FPS/Art/Textures/Environment/BrainRoom_MetallicSmooth.tif
  artifactKey: Guid(f0aceaf6d7dcb4c4da76026874fcca15) Importer(815301076,1909f56bfc062723c751e8b465ee728b)
Start importing Assets/Creator Kit - FPS/Art/Textures/Environment/BrainRoom_MetallicSmooth.tif using Guid(f0aceaf6d7dcb4c4da76026874fcca15) Importer(815301076,1909f56bfc062723c751e8b465ee728b) (PreviewImporter) -> (artifact id: '65eac115a27825d56e04b3d726474a31') in 0.0438853 seconds
Number of updated asset objects reloaded before import = 0Number of asset objects unloaded after import = 2

========================================================================
Received Import Request.
  Time since last request: 0.000032 seconds.
  path: Assets/Creator Kit - FPS/Art/Models/Environment/CorridorLong.fbx
  artifactKey: Guid(72f6d457ff048ff479bba15fcb6e9dab) Importer(815301076,1909f56bfc062723c751e8b465ee728b)
Start importing Assets/Creator Kit - FPS/Art/Models/Environment/CorridorLong.fbx using Guid(72f6d457ff048ff479bba15fcb6e9dab) Importer(815301076,1909f56bfc062723c751e8b465ee728b) (PreviewImporter) -> (artifact id: '0fe597d7d19256ab8c84bf24032e3ce4') in 0.3161228 seconds
Number of updated asset objects reloaded before import = 0Number of asset objects unloaded after import = 66

Editor requested this worker to shutdown with reason: Scaling down because of idle timeout
AssetImportWorker is now disconnected from the server
Process exiting
Exiting without the bug reporter. Application will terminate with return code 0